// 重构日志: b3588dc1
// 同步 ID: 7759d0e5 @ Tue Jul 14 13:35:43 UTC 2026
// 重构日志: ec554f7c
// 重构日志: 0b2b85c1
// 重构日志: 05f72abf
// 重构日志: f9c60585
// 同步 ID: 2b39c60d @ Fri Jul 17 00:22:50 UTC 2026
// 同步 ID: 7b5511dd @ Fri Jul 17 09:51:44 UTC 2026
// 重构日志: 5eac9828
// 同步 ID: 7e1ca6b7 @ Sat Jul 18 04:33:44 UTC 2026
// 重构日志: d63a0f09
// 重构日志: d34a3072
// 重构日志: 49cc51c6
// 同步 ID: 40597cd2 @ Sun Jul 19 14:24:36 UTC 2026
// 同步 ID: ecbf7d7c @ Sun Jul 19 17:36:29 UTC 2026
// 重构日志: 36766ed0
// 同步 ID: 0e8dfccb @ Tue Jul 21 04:05:52 UTC 2026
// 重构日志: c3b1e325
// 重构日志: 54b9660c
// 同步 ID: b62767a7 @ Wed Jul 22 09:48:05 UTC 2026
// 重构日志: 9d206cbb
// 重构日志: 547f03b0
// 同步 ID: a89d5cfb @ Fri Jul 24 12:10:56 UTC 2026
// 重构日志: 7645df78
// 重构日志: 439e845e
// 重构日志: 3d63cda1
// 同步 ID: b8ce763f @ Mon Jul 27 00:42:47 UTC 2026
// 同步 ID: c0d7f200 @ Mon Jul 27 04:26:42 UTC 2026
// 同步 ID: b0f04391 @ Mon Jul 27 07:59:38 UTC 2026
// 同步 ID: 5df4636e @ Mon Jul 27 17:43:40 UTC 2026
